
> investoriq@0.1.0 build
> next build

Γû▓ Next.js 16.2.9 (Turbopack)
- Environments: .env.local
- Experiments (use with caution):
  ┬╖ serverActions

npm : ΓÜá The "middleware" file convention is deprecated. Please use "proxy" instead. Learn more: 
https://nextjs.org/docs/messages/middleware-to-proxy
At line:1 char:1
+ npm run build > build_output.log 2>&1
+ ~~~~~~~~~~~~~~~~~~~~~~~~~~~~~~~~~~~~~
    + CategoryInfo          : NotSpecified: (ΓÜá The "middle...leware-to-proxy:String) [], RemoteException
    + FullyQualifiedErrorId : NativeCommandError
 
  Creating an optimized production build ...
Turbopack build encountered 2 warnings:
./src/db/index.ts:5:1
A Node.js module is loaded ('fs' at line 5) which is not supported in the Edge Runtime.
    Learn More: https://nextjs.org/docs/messages/node-module-in-edge-runtime
  [90m3 |[0m [36mimport[0m * [36mas[0m schema [36mfrom[0m [32m'./schema'[0m;
  [90m4 |[0m [36mimport[0m path [36mfrom[0m [32m'path'[0m;
[31m[1m>[0m [90m5 |[0m [36mimport[0m fs [36mfrom[0m [32m'fs'[0m;
  [90m  |[0m [31m[1m^^^^^^^^^^^^^^^^^^^^[0m
  [90m6 |[0m
  [90m7 |[0m [36mconst[0m [33mDB_DIR[0m = path.join(process.cwd(), [32m'.data'[0m);
  [90m8 |[0m [36mif[0m (!fs.existsSync([33mDB_DIR[0m)) {

Ecmascript file had an error

Import traces:
  Server Component:
    ./src/db/index.ts
    ./src/app/dashboard/profile/page.tsx

  App Route:
    ./src/db/index.ts
    ./src/lib/db/index.ts
    ./src/app/api/research/route.ts

  Edge Middleware:
    ./src/db/index.ts
    ./src/auth.config.ts
    ./src/middleware.ts


./src/db/index.ts:4:1
A Node.js module is loaded ('path' at line 4) which is not supported in the Edge Runtime.
    Learn More: https://nextjs.org/docs/messages/node-module-in-edge-runtime
  [90m2 |[0m [36mimport[0m { createClient } [36mfrom[0m [32m'@libsql/client'[0m;
  [90m3 |[0m [36mimport[0m * [36mas[0m schema [36mfrom[0m [32m'./schema'[0m;
[31m[1m>[0m [90m4 |[0m [36mimport[0m path [36mfrom[0m [32m'path'[0m;
  [90m  |[0m [31m[1m^^^^^^^^^^^^^^^^^^^^^^^^[0m
  [90m5 |[0m [36mimport[0m fs [36mfrom[0m [32m'fs'[0m;
  [90m6 |[0m
  [90m7 |[0m [36mconst[0m [33mDB_DIR[0m = path.join(process.cwd(), [32m'.data'[0m);

Ecmascript file had an error

Import traces:
  Server Component:
    ./src/db/index.ts
    ./src/app/dashboard/profile/page.tsx

  App Route:
    ./src/db/index.ts
    ./src/lib/db/index.ts
    ./src/app/api/research/route.ts

  Edge Middleware:
    ./src/db/index.ts
    ./src/auth.config.ts
    ./src/middleware.ts



> Build error occurred
Error: Turbopack build failed with 1 errors:
./src/db/index.ts:7:26
A Node.js API is used (process.cwd at line: 7) which is not supported in the Edge Runtime.
    Learn more: https://nextjs.org/docs/api-reference/edge-runtime
  [90m 5 |[0m [36mimport[0m fs [36mfrom[0m [32m'fs'[0m;
  [90m 6 |[0m
[31m[1m>[0m [90m 7 |[0m [36mconst[0m [33mDB_DIR[0m = path.join(process.cwd(), [32m'.data'[0m);
  [90m   |[0m                          [31m[1m^^^^^^^^^^^[0m
  [90m 8 |[0m [36mif[0m (!fs.existsSync([33mDB_DIR[0m)) {
  [90m 9 |[0m   fs.mkdirSync([33mDB_DIR[0m, { recursive: [36mtrue[0m });
  [90m10 |[0m }

Ecmascript file had an error

Import traces:
  Server Component:
    ./src/db/index.ts
    ./src/app/dashboard/profile/page.tsx

  App Route:
    ./src/db/index.ts
    ./src/lib/db/index.ts
    ./src/app/api/research/route.ts

  Edge Middleware:
    ./src/db/index.ts
    ./src/auth.config.ts
    ./src/middleware.ts


    at <unknown> (./src/db/index.ts:7:26)
